{
    "dir": "/data/DevelopmentEB/Groovy/PhotoDirMarker/src/test/resources/testDirOriginal/f√ºrUli/gezeigt/2016Berge",
    "collected": "2016-10-31T11:23:57-CET"
    "status": {
        "y1y2": "true",
        "y1n2": "mixed",
        "y1_2": "mixed",
        "y1q2": "mixed",

        "n1y2": "mixed",
        "n1n2": "false",
        "n1_2": "mixed",
        "n1q2": "mixed",

        "q1y2": "mixed",
        "q1n2": "mixed",
        "q1_2": "mixed",
        "q1q2": "?",

        "_1y2": "mixed",
        "_1n2": "mixed",
        "_1q2": "mixed",
    }
}
